// Jest Snapshot v1, https://goo.gl/fbAQLP

exports[`Header should match the snapshot with all data passed in correctly 1`] = `
<header>
  <img
    alt="hamburger-menu-btn"
    src="/menu.svg"
  />
  <Link
    className="title-header"
    to="/games"
  >
    <h1>
      Just Baseball.
      <span>
        Beta
      </span>
    </h1>
  </Link>
</header>
`;
